........................................................................ [  3%]
........................................................................ [  7%]
........................................................................ [ 11%]
........................................................................ [ 15%]
........................................................................ [ 19%]
........................................................................ [ 23%]
........................................................................ [ 26%]
........................................................................ [ 30%]
........................................................................ [ 34%]
........................................................................ [ 38%]
........................................................................ [ 42%]
........................................................................ [ 46%]
........................................................................ [ 50%]
........................................................................ [ 53%]
........................................................................ [ 57%]
........................................................................ [ 61%]
........................................................................ [ 65%]
........................................................................ [ 69%]
........................................................................ [ 73%]
........................................................................ [ 76%]
........................................................................ [ 80%]
........................................................................ [ 84%]
........................................................................ [ 88%]
........................................................................ [ 92%]
........................................................................ [ 96%]
........................................................................ [100%]
=============================== warnings summary ===============================
tests/unit/test_acp_coordinator.py::test_ingest_request_defaults
tests/unit/test_conftest_mlflow_fixture.py::test_disable_mlflow_fixture_does_not_raise_on_filestore_teardown
  /Users/aaliyahmatthews/Desktop/plotlot/.worktrees/plotlot-production-agentic-harness-mvp/plotlot-v2/plotlot/.venv/lib/python3.12/site-packages/mlflow/tracking/_tracking_service/utils.py:178: FutureWarning: The filesystem tracking backend (e.g., './mlruns') will be deprecated in February 2026. Consider transitioning to a database backend (e.g., 'sqlite:///mlflow.db') to take advantage of the latest MLflow features. See https://github.com/mlflow/mlflow/issues/18534 for more details and migration guidance. For migrating existing data, https://github.com/mlflow/mlflow-export-import can be used.
    return FileStore(store_uri, store_uri)

-- Docs: https://docs.pytest.org/en/stable/how-to/capture-warnings.html
1872 passed, 2 warnings in 149.82s (0:02:29)
